// Jest Snapshot v1, https://goo.gl/fbAQLP

exports[`PostView render Render default 1`] = `
"<div>
  <post-card-stub verbose=\\"true\\" post=\\"[object Object]\\"></post-card-stub>
</div>"
`;
